// Jest Snapshot v1, https://goo.gl/fbAQLP

exports[`<GifCard /> should match with the snapshot 1`] = `
<div>
  <div
    class="card"
  >
    <img
      alt="Naruto"
      src="http://localhost/naruto.jpg"
    />
    <p>
      Naruto
    </p>
  </div>
</div>
`;
